---
source: tests/suite/emit.rs
assertion_line: 31
expression: lir_stdout
---
Hello World 3
