---
source: tests/suite/parse.rs
assertion_line: 22
expression: Snapshot(program)
---
3:4 error:Unexpected token :
