---
source: tests/suite/end_to_end.rs
assertion_line: 26
expression: stdout
---
110
242

