---
source: tests/suite/end_to_end.rs
assertion_line: 50
expression: stdout
---
in class A

