---
source: tests/suite/check.rs
assertion_line: 35
expression: Snapshot(context)
---
Error: Semantic error
   ╭─[tests/check/bad-add2.xi:2:17]
   │
 2 │     x:int = 1 + {1,2}
   ·                 ──┬──  
   ·                   ╰──── Expected int but found int[]
───╯

