---
source: tests/suite/emit.rs
expression: lir_stdout
---
9
8
7
6
5
4
3
2
1
0

