---
source: tests/suite/check.rs
expression: Snapshot(context)
---
Valid Xi Program
