---
source: tests/suite/emit.rs
expression: lir_stdout
---
True
