---
source: tests/suite/parse.rs
assertion_line: 22
expression: Snapshot(program)
---
(() ((foo () () ((while false ((= (x int) 5) (= x (bar)) (foo2) (= x 5)))))))
