---
source: tests/suite/emit.rs
expression: lir_stdout
---
6 / 3 = 2
