---
source: tests/suite/check.rs
assertion_line: 21
expression: Snapshot(context)
---
6:12 error:Not a single expression type
