---
source: tests/suite/parse.rs
assertion_line: 36
expression: Snapshot(program)
---
Error: Syntactic error
   ╭─[tests/parse/vardecl02-2.xi:2:12]
   │
 2 │   x:bool[][1][]
   ·            ┬  
   ·            ╰── Declared array length after undeclared array length
───╯

