---
source: tests/suite/emit.rs
assertion_line: 10
expression: lir_stdout
---
1 0
2 1
3 3
4 6
5 10

