---
source: tests/suite/check.rs
assertion_line: 34
expression: Snapshot(context)
---
Error: Semantic error
   ╭─[tests/check/bad_unbound_class_1.xi:1:8]
   │
 1 │ foo(): A {
   ·        ┬  
   ·        ╰── Unbound class A
───╯

