---
source: tests/emit.rs
assertion_line: 41
expression: lir_stdout
---
Is This Constant Folded?
