---
source: tests/parse.rs
assertion_line: 29
expression: Snapshot(parsed)
---
(() ((main () () ((f) (if a ((return))) ((return)) ((f)) ((())) (return)))))
