---
source: tests/parse.rs
assertion_line: 23
expression: Snapshot(program)
---
(() ((foo () () ((if true ())))))
